#
# A fatal error has been detected by the Java Runtime Environment:
#
#  EXCEPTION_ACCESS_VIOLATION (0xc0000005) at pc=0x00007ffb809326c4, pid=1956, tid=9992
#
# JRE version: Java(TM) SE Runtime Environment (25.0.2+10) (build 25.0.2+10-LTS-69)
# Java VM: Java HotSpot(TM) 64-Bit Server VM (25.0.2+10-LTS-69, mixed mode, sharing, tiered, compressed oops, compressed class ptrs, g1 gc, windows-amd64)
# Problematic frame:
# C  [libasyncProfiler.dll+0x926c4]
#
# No core dump will be written. Minidumps are not enabled by default on client versions of Windows
#
# JFR recording file will be written. Location: C:\Users\USER\IdeaProjects\try java\DSA Class\hs_err_pid1956.jfr
#
# If you would like to submit a bug report, please visit:
#   https://bugreport.java.com/bugreport/crash.jsp
# The crash happened outside the Java Virtual Machine in native code.
# See problematic frame for where to report the bug.
#

---------------  S U M M A R Y ------------

Command Line: -javaagent:C:\Program Files\JetBrains\IntelliJ IDEA 2025.1.1.1\lib\idea_rt.jar=49689 -Dfile.encoding=UTF-8 -Dsun.stdout.encoding=UTF-8 -Dsun.stderr.encoding=UTF-8 Main

Host: Intel(R) Core(TM) i3-6100U CPU @ 2.30GHz, 4 cores, 7G,  Windows 11 , 64 bit Build 26100 (10.0.26100.5074)
Time: Mon Jun 15 08:50:15 2026 GMT Daylight Time elapsed time: 76.430080 seconds (0d 0h 1m 16s)

---------------  T H R E A D  ---------------

Current thread (0x000001a17f9f3c90):  JavaThread "Attach Listener" daemon [_thread_in_native, id=9992, stack(0x00000079ea500000,0x00000079ea600000) (1024K)]

Stack: [0x00000079ea500000,0x00000079ea600000],  sp=0x00000079ea5fee00,  free space=1019k
Native frames: (J=compiled Java code, j=interpreted, Vv=VM code, C=native code)
C  [libasyncProfiler.dll+0x926c4]  (no source info available)
C  [libasyncProfiler.dll+0x92b9b]  (no source info available)
C  [libasyncProfiler.dll+0x917f4]  (no source info available)
C  [libasyncProfiler.dll+0x9206a]  (no source info available)
C  [libasyncProfiler.dll+0x8cc21]  (no source info available)
C  [libasyncProfiler.dll+0x7e5e1]  (no source info available)
C  [libasyncProfiler.dll+0x7d2f8]  (no source info available)
C  [libasyncProfiler.dll+0x7d1e0]  (no source info available)
C  [libasyncProfiler.dll+0x841b9]  (no source info available)
V  [jvm.dll+0x5e6026]  (no source info available)
V  [jvm.dll+0x5e6e0d]  (no source info available)
V  [jvm.dll+0x1977f7]  (no source info available)
V  [jvm.dll+0x199315]  (no source info available)
V  [jvm.dll+0x48e9d1]  (no source info available)
V  [jvm.dll+0x906fcd]  (no source info available)
V  [jvm.dll+0x7a56d5]  (no source info available)
C  [ucrtbase.dll+0x37b0]  (no source info available)
C  [KERNEL32.DLL+0x2e8d7]  (no source info available)
C  [ntdll.dll+0x8d9c]  (no source info available)


siginfo: EXCEPTION_ACCESS_VIOLATION (0xc0000005), reading address 0xffffffffffffffff


Registers:
RAX=0x0000000000000010, RBX=0x0000000000000000, RCX=0xffffffffffffffff, RDX=0x007ffb64f4650010
RSP=0x00000079ea5fee00, RBP=0x000001a17fc8f648, RSI=0x00000079ea5fef70, RDI=0x000001a17fc8f648
R8 =0x0000000000000042, R9 =0x0000000087a32790, R10=0x00007ffb651cf480, R11=0x0000000000000004
R12=0x00000079ea5fef70, R13=0x000001a113282fa0, R14=0x000001a17f9f40d8, R15=0x000001a17f9f40d8
RIP=0x00007ffb809326c4, EFLAGS=0x0000000000010202

XMM[0]=0x0000000000000000 0x0000000000000000
XMM[1]=0x0000000000000000 0x0000000000000000
XMM[2]=0x0000000000000000 0x0000000000000000
XMM[3]=0x0000000000000000 0x0000000000000000
XMM[4]=0x0000000000000000 0x0000000000000000
XMM[5]=0x0000000000000000 0x0000000000000000
XMM[6]=0x0000000000000000 0x0000000000000000
XMM[7]=0x0000000000000000 0x0000000000000000
XMM[8]=0x0000000000000000 0x0000000000000000
XMM[9]=0x0000000000000000 0x0000000000000000
XMM[10]=0x0000000000000000 0x0000000000000000
XMM[11]=0x0000000000000000 0x0000000000000000
XMM[12]=0x0000000000000000 0x0000000000000000
XMM[13]=0x0000000000000000 0x0000000000000000
XMM[14]=0x0000000000000000 0x0000000000000000
XMM[15]=0x0000000000000000 0x0000000000000000
  MXCSR=0x00001fa0


Register to memory mapping:

RAX=0x0000000000000010 is an unknown value
RBX=0x0 is null
RCX=0xffffffffffffffff is an unknown value
RDX=0x007ffb64f4650010 is an unknown value
RSP=0x00000079ea5fee00 is pointing into the stack for thread: 0x000001a17f9f3c90
RBP=0x000001a17fc8f648 points into unknown readable memory: 0x0000000087a32790 | 90 27 a3 87 00 00 00 00
RSI=0x00000079ea5fef70 is pointing into the stack for thread: 0x000001a17f9f3c90
RDI=0x000001a17fc8f648 points into unknown readable memory: 0x0000000087a32790 | 90 27 a3 87 00 00 00 00
R8 =0x0000000000000042 is an unknown value
R9 =0x0000000087a32790 is an oop: java.lang.Thread 
{0x0000000087a32790} - klass: 'java/lang/Thread' - flags: 

 - ---- fields (total size 14 words):
 - 'threadLocalRandomProbe' 'I' @12  0 (0x00000000)
 - private volatile 'eetop' 'J' @16  1792918424832 (0x000001a172440d00)
 - private final 'tid' 'J' @24  3 (0x0000000000000003)
 - 'threadLocalRandomSeed' 'J' @32  0 (0x0000000000000000)
 - injected 'jvmti_thread_state' 'J' @40  1791323995360 (0x000001a1133afce0)
 - 'threadLocalRandomSecondarySeed' 'I' @48  0 (0x00000000)
 - injected 'jvmti_VTMS_transition_disable_count' 'I' @52  0 (0x00000000)
 - injected 'jfr_epoch' 'S' @56  0 (0x0000)
 - volatile 'interrupted' 'Z' @58  false (0x00)
 - injected 'jvmti_is_in_VTMS_transition' 'Z' @59  false (0x00)
 - private volatile 'name' 'Ljava/lang/String;' @60  "main"{0x0000000087a32bb8} (0x87a32bb8)
 - private volatile 'contextClassLoader' 'Ljava/lang/ClassLoader;' @64  a 'jdk/internal/loader/ClassLoaders$AppClassLoader'{0x0000000087b15570} (0x87b15570)
 - private final 'holder' 'Ljava/lang/Thread$FieldHolder;' @68  a 'java/lang/Thread$FieldHolder'{0x0000000087a32be8} (0x87a32be8)
 - private 'threadLocals' 'Ljava/lang/ThreadLocal$ThreadLocalMap;' @72  null (0x00000000)
 - private 'inheritableThreadLocals' 'Ljava/lang/ThreadLocal$ThreadLocalMap;' @76  null (0x00000000)
 - private 'scopedValueBindings' 'Ljava/lang/Object;' @80  a 'java/lang/Class'{0x00000000ffe7e7e0} = 'java/lang/Thread' (0xffe7e7e0)
 - final 'interruptLock' 'Ljava/lang/Object;' @84  a 'java/lang/Object'{0x0000000087a32e30} (0x87a32e30)
 - private volatile 'parkBlocker' 'Ljava/lang/Object;' @88  null (0x00000000)
 - private 'nioBlocker' 'Lsun/nio/ch/Interruptible;' @92  null (0x00000000)
 - private 'cont' 'Ljdk/internal/vm/Continuation;' @96  null (0x00000000)
 - private volatile 'uncaughtExceptionHandler' 'Ljava/lang/Thread$UncaughtExceptionHandler;' @100  null (0x00000000)
 - private 'container' 'Ljdk/internal/vm/ThreadContainer;' @104  null (0x00000000)
 - private volatile 'headStackableScopes' 'Ljdk/internal/vm/StackableScope;' @108  null (0x00000000)
R10=0x00007ffb651cf480 jvm.dll
R11=0x0000000000000004 is an unknown value
R12=0x00000079ea5fef70 is pointing into the stack for thread: 0x000001a17f9f3c90
R13=0x000001a113282fa0 points into unknown readable memory: 0x00007ffb6513fc50 | 50 fc 13 65 fb 7f 00 00
R14=0x000001a17f9f40d8 points into unknown readable memory: 0x00007ffb65136ba0 | a0 6b 13 65 fb 7f 00 00
R15=0x000001a17f9f40d8 points into unknown readable memory: 0x00007ffb65136ba0 | a0 6b 13 65 fb 7f 00 00

Top of Stack: (sp=0x00000079ea5fee00)
0x00000079ea5fee00:   00000079ea5fef70 000001a17fc8f648   p._.y...H.......
0x00000079ea5fee10:   0000000000000000 000001a17f9f4468   ........hD......
0x00000079ea5fee20:   0000000000000020 00007ffb80932b9b    ........+......
0x00000079ea5fee30:   0000000000000000 000001a17f9f40d8   .........@......
0x00000079ea5fee40:   00000079ea5fef01 0000000000000000   .._.y...........
0x00000079ea5fee50:   000001a1132a4780 00007ffb809317f4   .G*.............
0x00000079ea5fee60:   0000000000000000 0000000000000020   ........ .......
0x00000079ea5fee70:   0000000000000000 0000000000000020   ........ .......
0x00000079ea5fee80:   0000000e00000002 000001a115a50210   ................
0x00000079ea5fee90:   000001a1132a4780 000001a1132a4800   .G*......H*.....
0x00000079ea5feea0:   000001a1132a4828 0000000000002b40   (H*.....@+......
0x00000079ea5feeb0:   0000000000000000 0000000000000000   ................
0x00000079ea5feec0:   0000000000000000 00007ffb64938434   ........4..d....
0x00000079ea5feed0:   00007ffb80a74ca0 00000000000007a4   .L..............
0x00000079ea5feee0:   00007ffb80a74ca0 00000000ffffffff   .L..............
0x00000079ea5feef0:   0000000000000000 00007ffb8093206a   ........j ......
0x00000079ea5fef00:   000001a17f9f40d8 0000000000000000   .@..............
0x00000079ea5fef10:   00000079ea5fef79 000001a113282fa0   y._.y..../(.....
0x00000079ea5fef20:   000001a1133afce0 00007ffb64a8e8a6   ..:........d....
0x00000079ea5fef30:   000001a116935040 00007ffbdcea89c9   @P..............
0x00000079ea5fef40:   000001a17f9f40d8 00007ffb80a74ca0   .@.......L......
0x00000079ea5fef50:   0000000000000004 0000000000000048   ........H.......
0x00000079ea5fef60:   0000000800800310 000001a17f9f40d8   .........@......
0x00000079ea5fef70:   000001a17fc33930 000001a17fc33d30   09......0=......
0x00000079ea5fef80:   000001a17fc33d30 00007ffb80a74ca0   0=.......L......
0x00000079ea5fef90:   000001a1133afce0 00000079ea5ff108   ..:......._.y...
0x00000079ea5fefa0:   00000079ea5ff240 0000000000008840   @._.y...@.......
0x00000079ea5fefb0:   00000079ea5ff420 00007ffb80a74cf0    ._.y....L......
0x00000079ea5fefc0:   0000000000989680 0000000000989680   ................
0x00000079ea5fefd0:   00000079ea5ff0e0 00007ffb8092cc21   .._.y...!.......
0x00000079ea5fefe0:   00007ffb80a74ca0 00007ffb80a74cf8   .L.......L......
0x00000079ea5feff0:   00007ffb00000000 0000000000000001   ................

Instructions: (pc=0x00007ffb809326c4)
  0x00007ffb809325c4:   cc cc cc cc cc cc cc cc cc cc cc cc cc cc cc cc
  0x00007ffb809325d4:   cc cc cc cc cc cc cc cc cc cc cc cc cc cc cc cc
  0x00007ffb809325e4:   cc cc cc cc cc cc cc cc cc cc cc cc cc cc cc cc
  0x00007ffb809325f4:   cc cc cc cc cc cc cc cc cc cc cc cc cc cc cc cc
  0x00007ffb80932604:   cc cc cc cc cc cc cc cc cc cc cc cc cc cc cc cc
  0x00007ffb80932614:   cc cc cc cc cc cc cc cc cc cc cc cc cc cc cc cc
  0x00007ffb80932624:   cc cc cc cc cc cc cc cc cc cc cc cc cc cc cc cc
  0x00007ffb80932634:   cc cc cc cc cc cc cc cc cc cc cc cc cc cc cc cc
  0x00007ffb80932644:   cc cc cc cc cc cc cc cc cc cc cc cc 40 57 48 83
  0x00007ffb80932654:   ec 20 48 8b f9 48 8b 0d 10 28 14 00 48 85 c9 74
  0x00007ffb80932664:   20 48 8b 01 48 8d 54 24 38 41 b8 06 00 01 00 4c
  0x00007ffb80932674:   8b 48 30 41 ff d1 85 c0 75 07 48 8b 4c 24 38 eb
  0x00007ffb80932684:   02 33 c9 4c 8b 05 ea 28 14 00 48 89 5c 24 30 4d
  0x00007ffb80932694:   85 c0 74 4a 48 8b 01 48 8b d7 4c 8b 88 28 03 00
  0x00007ffb809326a4:   00 41 ff d1 48 85 c0 74 35 48 63 0d f8 e6 13 00
  0x00007ffb809326b4:   48 8b 14 01 48 85 d2 74 15 48 63 05 fc e6 13 00
=>0x00007ffb809326c4:   8b 04 10 48 8b 5c 24 30 48 83 c4 20 5f c3 b8 ff
  0x00007ffb809326d4:   ff ff ff 48 8b 5c 24 30 48 83 c4 20 5f c3 80 3d
  0x00007ffb809326e4:   9b 27 14 00 00 bb ff ff ff ff 74 20 4c 8b 0d 31
  0x00007ffb809326f4:   24 14 00 4c 8d 44 24 38 48 8b 0d 15 24 14 00 48
  0x00007ffb80932704:   8b d7 41 ff d1 85 c0 0f 44 5c 24 38 8b c3 48 8b
  0x00007ffb80932714:   5c 24 30 48 83 c4 20 5f c3 cc cc cc cc cc cc cc
  0x00007ffb80932724:   cc cc cc cc cc cc cc cc cc cc cc cc cc cc cc cc
  0x00007ffb80932734:   cc cc cc cc cc cc cc cc cc cc cc cc cc cc cc cc
  0x00007ffb80932744:   cc cc cc cc cc cc cc cc cc cc cc cc 48 89 54 24
  0x00007ffb80932754:   10 53 55 56 57 41 56 41 57 48 83 ec 28 48 8b f2
  0x00007ffb80932764:   4c 8b f1 48 89 4c 24 78 45 33 ff 44 89 7c 24 68
  0x00007ffb80932774:   c7 44 24 60 01 00 00 00 48 8d 4c 24 68 e8 ed 42
  0x00007ffb80932784:   f7 ff 8b d8 48 8d 4c 24 60 e8 e1 42 f7 ff 8b e8
  0x00007ffb80932794:   49 8b ce e8 00 fc f6 ff 48 8b f8 90 8b c3 f0 0f
  0x00007ffb809327a4:   b1 2f 74 04 f3 90 eb f4 4c 89 3e 4c 89 7e 08 4c
  0x00007ffb809327b4:   89 7e 10 49 8b 6e 08 4d 8b 76 10 49 3b ee 0f 84


Stack slot to memory mapping:

stack at sp + 0 slots: 0x00000079ea5fef70 is pointing into the stack for thread: 0x000001a17f9f3c90
stack at sp + 1 slots: 0x000001a17fc8f648 points into unknown readable memory: 0x0000000087a32790 | 90 27 a3 87 00 00 00 00
stack at sp + 2 slots: 0x0 is null
stack at sp + 3 slots: 0x000001a17f9f4468 points into unknown readable memory: 0x6e616c2e6176616a | 6a 61 76 61 2e 6c 61 6e
stack at sp + 4 slots: 0x0000000000000020 is an unknown value
stack at sp + 5 slots: 0x00007ffb80932b9b libasyncProfiler.dll
stack at sp + 6 slots: 0x0 is null
stack at sp + 7 slots: 0x000001a17f9f40d8 points into unknown readable memory: 0x00007ffb65136ba0 | a0 6b 13 65 fb 7f 00 00

Lock stack of current Java thread (top to bottom):


---------------  P R O C E S S  ---------------

Threads class SMR info:
_java_thread_list=0x000001a1132efbf0, length=18, elements={
0x000001a172440d00, 0x000001a17f9e9a50, 0x000001a17f9ed430, 0x000001a17f9f2e50,
0x000001a17f9f3c90, 0x000001a17f9fdf40, 0x000001a17fa20f20, 0x000001a17fa21e10,
0x000001a17fa2e360, 0x000001a17fbf9870, 0x000001a17fc18a60, 0x000001a17fc19220,
0x000001a1134a5150, 0x000001a113665c60, 0x000001a1134b6810, 0x000001a1134b9580,
0x000001a11331a110, 0x000001a115a578e0
}

Java Threads: ( => current thread )
  0x000001a172440d00 JavaThread "main"                              [_thread_in_Java, id=8588, stack(0x00000079e9a00000,0x00000079e9b00000) (1024K)]
  0x000001a17f9e9a50 JavaThread "Reference Handler"          daemon [_thread_blocked, id=10368, stack(0x00000079ea200000,0x00000079ea300000) (1024K)]
  0x000001a17f9ed430 JavaThread "Finalizer"                  daemon [_thread_blocked, id=6428, stack(0x00000079ea300000,0x00000079ea400000) (1024K)]
  0x000001a17f9f2e50 JavaThread "Signal Dispatcher"          daemon [_thread_blocked, id=6888, stack(0x00000079ea400000,0x00000079ea500000) (1024K)]
=>0x000001a17f9f3c90 JavaThread "Attach Listener"            daemon [_thread_in_native, id=9992, stack(0x00000079ea500000,0x00000079ea600000) (1024K)]
  0x000001a17f9fdf40 JavaThread "Service Thread"             daemon [_thread_blocked, id=6676, stack(0x00000079ea600000,0x00000079ea700000) (1024K)]
  0x000001a17fa20f20 JavaThread "Monitor Deflation Thread"   daemon [_thread_blocked, id=5220, stack(0x00000079ea700000,0x00000079ea800000) (1024K)]
  0x000001a17fa21e10 JavaThread "C2 CompilerThread0"         daemon [_thread_blocked, id=8156, stack(0x00000079ea800000,0x00000079ea900000) (1024K)]
  0x000001a17fa2e360 JavaThread "C1 CompilerThread0"         daemon [_thread_blocked, id=6196, stack(0x00000079ea900000,0x00000079eaa00000) (1024K)]
  0x000001a17fbf9870 JavaThread "Common-Cleaner"             daemon [_thread_blocked, id=10160, stack(0x00000079eaa00000,0x00000079eab00000) (1024K)]
  0x000001a17fc18a60 JavaThread "Monitor Ctrl-Break"         daemon [_thread_in_native, id=5156, stack(0x00000079eab00000,0x00000079eac00000) (1024K)]
  0x000001a17fc19220 JavaThread "Notification Thread"        daemon [_thread_blocked, id=7856, stack(0x00000079eac00000,0x00000079ead00000) (1024K)]
  0x000001a1134a5150 JavaThread "RMI TCP Accept-0"           daemon [_thread_in_native, id=2644, stack(0x00000079eae00000,0x00000079eaf00000) (1024K)]
  0x000001a113665c60 JavaThread "RMI TCP Connection(1)-127.0.0.1" daemon [_thread_in_native, id=6352, stack(0x00000079eaf00000,0x00000079eb000000) (1024K)]
  0x000001a1134b6810 JavaThread "RMI Scheduler(0)"           daemon [_thread_blocked, id=11224, stack(0x00000079ead00000,0x00000079eae00000) (1024K)]
  0x000001a1134b9580 JavaThread "JMX server connection timeout 29" daemon [_thread_blocked, id=5924, stack(0x00000079eb000000,0x00000079eb100000) (1024K)]
  0x000001a11331a110 JavaThread "JFR Recorder Thread"        daemon [_thread_in_native, id=7024, stack(0x00000079e9900000,0x00000079e9a00000) (1024K)]
  0x000001a115a578e0 JavaThread "JFR Periodic Tasks"         daemon [_thread_blocked, id=2920, stack(0x00000079eb300000,0x00000079eb400000) (1024K)]
Total: 18

Other Threads:
  0x000001a17f9d8040 VMThread "VM Thread"                           [id=6960, stack(0x00000079ea100000,0x00000079ea200000) (1024K)]
  0x000001a17f9cbbf0 WatcherThread "VM Periodic Task Thread"        [id=5164, stack(0x00000079ea000000,0x00000079ea100000) (1024K)]
  0x000001a172499000 WorkerThread "GC Thread#0"                     [id=10424, stack(0x00000079e9b00000,0x00000079e9c00000) (1024K)]
  0x000001a1132e85e0 WorkerThread "GC Thread#1"                     [id=5668, stack(0x00000079eb400000,0x00000079eb500000) (1024K)]
  0x000001a1132e8a30 WorkerThread "GC Thread#2"                     [id=6468, stack(0x00000079eb500000,0x00000079eb600000) (1024K)]
  0x000001a1132e8e80 WorkerThread "GC Thread#3"                     [id=11072, stack(0x00000079eb600000,0x00000079eb700000) (1024K)]
  0x000001a1701cdec0 ConcurrentGCThread "G1 Main Marker"            [id=3080, stack(0x00000079e9c00000,0x00000079e9d00000) (1024K)]
  0x000001a1701ce860 WorkerThread "G1 Conc#0"                       [id=9068, stack(0x00000079e9d00000,0x00000079e9e00000) (1024K)]
  0x000001a1724e7930 ConcurrentGCThread "G1 Refine#0"               [id=11080, stack(0x00000079e9e00000,0x00000079e9f00000) (1024K)]
  0x000001a1724e8540 ConcurrentGCThread "G1 Service"                [id=9088, stack(0x00000079e9f00000,0x00000079ea000000) (1024K)]
Total: 10

Threads with active compile tasks:
Total: 0

VM state: not at safepoint (normal execution)

VM Mutex/Monitor currently owned by a thread: None

Heap address: 0x0000000081800000, size: 2024 MB, Compressed Oops mode: 32-bit

CDS archive(s) mapped at: [0x0000000015000000-0x0000000015dd0000-0x0000000015dd0000), size 14483456, SharedBaseAddress: 0x0000000015000000, ArchiveRelocationMode: 1.
Compressed class space mapped at: 0x0000000016000000-0x0000000056000000, reserved size: 1073741824
UseCompressedClassPointers 1, UseCompactObjectHeaders 0
Narrow klass pointer bits 32, Max shift 3
Narrow klass base: 0x0000000015000000, Narrow klass shift: 0
Encoding Range: [0x0000000015000000 - 0x0000000115000000), (4294967296 bytes)
Klass Range:    [0x0000000015010000 - 0x0000000056000000), (1090453504 bytes)
Klass ID Range:  [65536 - 1090519033) (1090453497)
Protection zone: [0x0000000015000000 - 0x0000000015010000), (65536 bytes)

GC Precious Log:
 CardTable entry size: 512
 Card Set container configuration: InlinePtr #cards 5 size 8 Array Of Cards #cards 10 size 36 Howl #buckets 4 coarsen threshold 1843 Howl Bitmap #cards 512 size 80 coarsen threshold 460 Card regions per heap region 1 cards per card region 2048
 CPUs: 4 total, 4 available
 Memory: 8088M
 Large Page Support: Disabled
 NUMA Support: Disabled
 Compressed Oops: Enabled (32-bit)
 Heap Region Size: 1M
 Heap Min Capacity: 8M
 Heap Initial Capacity: 128M
 Heap Max Capacity: 2024M
 Pre-touch: Disabled
 Parallel Workers: 4
 Concurrent Workers: 1
 Concurrent Refinement Workers: 4
 Periodic GC: Disabled

Heap:
 garbage-first heap   total reserved 2072576K, committed 133120K, used 6123K [0x0000000081800000, 0x0000000100000000)
  region size 1024K, 6 young (6144K), 4 survivors (4096K)

Heap Regions: E=young(eden), S=young(survivor), O=old, HS=humongous(starts), HC=humongous(continues), CS=collection set, F=free, TAMS=top-at-mark-start, PB=parsable bottom
|   0|0x0000000081800000, 0x0000000081800000, 0x0000000081900000|  0%| F|  |TAMS 0x0000000081800000| PB 0x0000000081800000| Untracked |  0
|   1|0x0000000081900000, 0x0000000081900000, 0x0000000081a00000|  0%| F|  |TAMS 0x0000000081900000| PB 0x0000000081900000| Untracked |  0
|   2|0x0000000081a00000, 0x0000000081a00000, 0x0000000081b00000|  0%| F|  |TAMS 0x0000000081a00000| PB 0x0000000081a00000| Untracked |  0
|   3|0x0000000081b00000, 0x0000000081b00000, 0x0000000081c00000|  0%| F|  |TAMS 0x0000000081b00000| PB 0x0000000081b00000| Untracked |  0
|   4|0x0000000081c00000, 0x0000000081c00000, 0x0000000081d00000|  0%| F|  |TAMS 0x0000000081c00000| PB 0x0000000081c00000| Untracked |  0
|   5|0x0000000081d00000, 0x0000000081d00000, 0x0000000081e00000|  0%| F|  |TAMS 0x0000000081d00000| PB 0x0000000081d00000| Untracked |  0
|   6|0x0000000081e00000, 0x0000000081e00000, 0x0000000081f00000|  0%| F|  |TAMS 0x0000000081e00000| PB 0x0000000081e00000| Untracked |  0
|   7|0x0000000081f00000, 0x0000000081f00000, 0x0000000082000000|  0%| F|  |TAMS 0x0000000081f00000| PB 0x0000000081f00000| Untracked |  0
|   8|0x0000000082000000, 0x0000000082000000, 0x0000000082100000|  0%| F|  |TAMS 0x0000000082000000| PB 0x0000000082000000| Untracked |  0
|   9|0x0000000082100000, 0x0000000082100000, 0x0000000082200000|  0%| F|  |TAMS 0x0000000082100000| PB 0x0000000082100000| Untracked |  0
|  10|0x0000000082200000, 0x0000000082200000, 0x0000000082300000|  0%| F|  |TAMS 0x0000000082200000| PB 0x0000000082200000| Untracked |  0
|  11|0x0000000082300000, 0x0000000082300000, 0x0000000082400000|  0%| F|  |TAMS 0x0000000082300000| PB 0x0000000082300000| Untracked |  0
|  12|0x0000000082400000, 0x0000000082400000, 0x0000000082500000|  0%| F|  |TAMS 0x0000000082400000| PB 0x0000000082400000| Untracked |  0
|  13|0x0000000082500000, 0x0000000082500000, 0x0000000082600000|  0%| F|  |TAMS 0x0000000082500000| PB 0x0000000082500000| Untracked |  0
|  14|0x0000000082600000, 0x0000000082600000, 0x0000000082700000|  0%| F|  |TAMS 0x0000000082600000| PB 0x0000000082600000| Untracked |  0
|  15|0x0000000082700000, 0x0000000082700000, 0x0000000082800000|  0%| F|  |TAMS 0x0000000082700000| PB 0x0000000082700000| Untracked |  0
|  16|0x0000000082800000, 0x0000000082800000, 0x0000000082900000|  0%| F|  |TAMS 0x0000000082800000| PB 0x0000000082800000| Untracked |  0
|  17|0x0000000082900000, 0x0000000082900000, 0x0000000082a00000|  0%| F|  |TAMS 0x0000000082900000| PB 0x0000000082900000| Untracked |  0
|  18|0x0000000082a00000, 0x0000000082a00000, 0x0000000082b00000|  0%| F|  |TAMS 0x0000000082a00000| PB 0x0000000082a00000| Untracked |  0
|  19|0x0000000082b00000, 0x0000000082b00000, 0x0000000082c00000|  0%| F|  |TAMS 0x0000000082b00000| PB 0x0000000082b00000| Untracked |  0
|  20|0x0000000082c00000, 0x0000000082c00000, 0x0000000082d00000|  0%| F|  |TAMS 0x0000000082c00000| PB 0x0000000082c00000| Untracked |  0
|  21|0x0000000082d00000, 0x0000000082d00000, 0x0000000082e00000|  0%| F|  |TAMS 0x0000000082d00000| PB 0x0000000082d00000| Untracked |  0
|  22|0x0000000082e00000, 0x0000000082e00000, 0x0000000082f00000|  0%| F|  |TAMS 0x0000000082e00000| PB 0x0000000082e00000| Untracked |  0
|  23|0x0000000082f00000, 0x0000000082f00000, 0x0000000083000000|  0%| F|  |TAMS 0x0000000082f00000| PB 0x0000000082f00000| Untracked |  0
|  24|0x0000000083000000, 0x0000000083000000, 0x0000000083100000|  0%| F|  |TAMS 0x0000000083000000| PB 0x0000000083000000| Untracked |  0
|  25|0x0000000083100000, 0x0000000083100000, 0x0000000083200000|  0%| F|  |TAMS 0x0000000083100000| PB 0x0000000083100000| Untracked |  0
|  26|0x0000000083200000, 0x0000000083200000, 0x0000000083300000|  0%| F|  |TAMS 0x0000000083200000| PB 0x0000000083200000| Untracked |  0
|  27|0x0000000083300000, 0x0000000083300000, 0x0000000083400000|  0%| F|  |TAMS 0x0000000083300000| PB 0x0000000083300000| Untracked |  0
|  28|0x0000000083400000, 0x0000000083400000, 0x0000000083500000|  0%| F|  |TAMS 0x0000000083400000| PB 0x0000000083400000| Untracked |  0
|  29|0x0000000083500000, 0x0000000083500000, 0x0000000083600000|  0%| F|  |TAMS 0x0000000083500000| PB 0x0000000083500000| Untracked |  0
|  30|0x0000000083600000, 0x0000000083600000, 0x0000000083700000|  0%| F|  |TAMS 0x0000000083600000| PB 0x0000000083600000| Untracked |  0
|  31|0x0000000083700000, 0x0000000083700000, 0x0000000083800000|  0%| F|  |TAMS 0x0000000083700000| PB 0x0000000083700000| Untracked |  0
|  32|0x0000000083800000, 0x0000000083800000, 0x0000000083900000|  0%| F|  |TAMS 0x0000000083800000| PB 0x0000000083800000| Untracked |  0
|  33|0x0000000083900000, 0x0000000083900000, 0x0000000083a00000|  0%| F|  |TAMS 0x0000000083900000| PB 0x0000000083900000| Untracked |  0
|  34|0x0000000083a00000, 0x0000000083a00000, 0x0000000083b00000|  0%| F|  |TAMS 0x0000000083a00000| PB 0x0000000083a00000| Untracked |  0
|  35|0x0000000083b00000, 0x0000000083b00000, 0x0000000083c00000|  0%| F|  |TAMS 0x0000000083b00000| PB 0x0000000083b00000| Untracked |  0
|  36|0x0000000083c00000, 0x0000000083c00000, 0x0000000083d00000|  0%| F|  |TAMS 0x0000000083c00000| PB 0x0000000083c00000| Untracked |  0
|  37|0x0000000083d00000, 0x0000000083d00000, 0x0000000083e00000|  0%| F|  |TAMS 0x0000000083d00000| PB 0x0000000083d00000| Untracked |  0
|  38|0x0000000083e00000, 0x0000000083e00000, 0x0000000083f00000|  0%| F|  |TAMS 0x0000000083e00000| PB 0x0000000083e00000| Untracked |  0
|  39|0x0000000083f00000, 0x0000000083f00000, 0x0000000084000000|  0%| F|  |TAMS 0x0000000083f00000| PB 0x0000000083f00000| Untracked |  0
|  40|0x0000000084000000, 0x0000000084000000, 0x0000000084100000|  0%| F|  |TAMS 0x0000000084000000| PB 0x0000000084000000| Untracked |  0
|  41|0x0000000084100000, 0x0000000084100000, 0x0000000084200000|  0%| F|  |TAMS 0x0000000084100000| PB 0x0000000084100000| Untracked |  0
|  42|0x0000000084200000, 0x0000000084200000, 0x0000000084300000|  0%| F|  |TAMS 0x0000000084200000| PB 0x0000000084200000| Untracked |  0
|  43|0x0000000084300000, 0x0000000084300000, 0x0000000084400000|  0%| F|  |TAMS 0x0000000084300000| PB 0x0000000084300000| Untracked |  0
|  44|0x0000000084400000, 0x0000000084400000, 0x0000000084500000|  0%| F|  |TAMS 0x0000000084400000| PB 0x0000000084400000| Untracked |  0
|  45|0x0000000084500000, 0x0000000084500000, 0x0000000084600000|  0%| F|  |TAMS 0x0000000084500000| PB 0x0000000084500000| Untracked |  0
|  46|0x0000000084600000, 0x0000000084600000, 0x0000000084700000|  0%| F|  |TAMS 0x0000000084600000| PB 0x0000000084600000| Untracked |  0
|  47|0x0000000084700000, 0x0000000084700000, 0x0000000084800000|  0%| F|  |TAMS 0x0000000084700000| PB 0x0000000084700000| Untracked |  0
|  48|0x0000000084800000, 0x0000000084800000, 0x0000000084900000|  0%| F|  |TAMS 0x0000000084800000| PB 0x0000000084800000| Untracked |  0
|  49|0x0000000084900000, 0x0000000084900000, 0x0000000084a00000|  0%| F|  |TAMS 0x0000000084900000| PB 0x0000000084900000| Untracked |  0
|  50|0x0000000084a00000, 0x0000000084a00000, 0x0000000084b00000|  0%| F|  |TAMS 0x0000000084a00000| PB 0x0000000084a00000| Untracked |  0
|  51|0x0000000084b00000, 0x0000000084b00000, 0x0000000084c00000|  0%| F|  |TAMS 0x0000000084b00000| PB 0x0000000084b00000| Untracked |  0
|  52|0x0000000084c00000, 0x0000000084c00000, 0x0000000084d00000|  0%| F|  |TAMS 0x0000000084c00000| PB 0x0000000084c00000| Untracked |  0
|  53|0x0000000084d00000, 0x0000000084d00000, 0x0000000084e00000|  0%| F|  |TAMS 0x0000000084d00000| PB 0x0000000084d00000| Untracked |  0
|  54|0x0000000084e00000, 0x0000000084e00000, 0x0000000084f00000|  0%| F|  |TAMS 0x0000000084e00000| PB 0x0000000084e00000| Untracked |  0
|  55|0x0000000084f00000, 0x0000000084f00000, 0x0000000085000000|  0%| F|  |TAMS 0x0000000084f00000| PB 0x0000000084f00000| Untracked |  0
|  56|0x0000000085000000, 0x0000000085000000, 0x0000000085100000|  0%| F|  |TAMS 0x0000000085000000| PB 0x0000000085000000| Untracked |  0
|  57|0x0000000085100000, 0x0000000085100000, 0x0000000085200000|  0%| F|  |TAMS 0x0000000085100000| PB 0x0000000085100000| Untracked |  0
|  58|0x0000000085200000, 0x0000000085200000, 0x0000000085300000|  0%| F|  |TAMS 0x0000000085200000| PB 0x0000000085200000| Untracked |  0
|  59|0x0000000085300000, 0x0000000085300000, 0x0000000085400000|  0%| F|  |TAMS 0x0000000085300000| PB 0x0000000085300000| Untracked |  0
|  60|0x0000000085400000, 0x0000000085400000, 0x0000000085500000|  0%| F|  |TAMS 0x0000000085400000| PB 0x0000000085400000| Untracked |  0
|  61|0x0000000085500000, 0x0000000085500000, 0x0000000085600000|  0%| F|  |TAMS 0x0000000085500000| PB 0x0000000085500000| Untracked |  0
|  62|0x0000000085600000, 0x0000000085600000, 0x0000000085700000|  0%| F|  |TAMS 0x0000000085600000| PB 0x0000000085600000| Untracked |  0
|  63|0x0000000085700000, 0x0000000085700000, 0x0000000085800000|  0%| F|  |TAMS 0x0000000085700000| PB 0x0000000085700000| Untracked |  0
|  64|0x0000000085800000, 0x0000000085800000, 0x0000000085900000|  0%| F|  |TAMS 0x0000000085800000| PB 0x0000000085800000| Untracked |  0
|  65|0x0000000085900000, 0x0000000085900000, 0x0000000085a00000|  0%| F|  |TAMS 0x0000000085900000| PB 0x0000000085900000| Untracked |  0
|  66|0x0000000085a00000, 0x0000000085a00000, 0x0000000085b00000|  0%| F|  |TAMS 0x0000000085a00000| PB 0x0000000085a00000| Untracked |  0
|  67|0x0000000085b00000, 0x0000000085b00000, 0x0000000085c00000|  0%| F|  |TAMS 0x0000000085b00000| PB 0x0000000085b00000| Untracked |  0
|  68|0x0000000085c00000, 0x0000000085c00000, 0x0000000085d00000|  0%| F|  |TAMS 0x0000000085c00000| PB 0x0000000085c00000| Untracked |  0
|  69|0x0000000085d00000, 0x0000000085d00000, 0x0000000085e00000|  0%| F|  |TAMS 0x0000000085d00000| PB 0x0000000085d00000| Untracked |  0
|  70|0x0000000085e00000, 0x0000000085e00000, 0x0000000085f00000|  0%| F|  |TAMS 0x0000000085e00000| PB 0x0000000085e00000| Untracked |  0
|  71|0x0000000085f00000, 0x0000000085f00000, 0x0000000086000000|  0%| F|  |TAMS 0x0000000085f00000| PB 0x0000000085f00000| Untracked |  0
|  72|0x0000000086000000, 0x0000000086000000, 0x0000000086100000|  0%| F|  |TAMS 0x0000000086000000| PB 0x0000000086000000| Untracked |  0
|  73|0x0000000086100000, 0x0000000086100000, 0x0000000086200000|  0%| F|  |TAMS 0x0000000086100000| PB 0x0000000086100000| Untracked |  0
|  74|0x0000000086200000, 0x0000000086200000, 0x0000000086300000|  0%| F|  |TAMS 0x0000000086200000| PB 0x0000000086200000| Untracked |  0
|  75|0x0000000086300000, 0x0000000086300000, 0x0000000086400000|  0%| F|  |TAMS 0x0000000086300000| PB 0x0000000086300000| Untracked |  0
|  76|0x0000000086400000, 0x0000000086400000, 0x0000000086500000|  0%| F|  |TAMS 0x0000000086400000| PB 0x0000000086400000| Untracked |  0
|  77|0x0000000086500000, 0x0000000086500000, 0x0000000086600000|  0%| F|  |TAMS 0x0000000086500000| PB 0x0000000086500000| Untracked |  0
|  78|0x0000000086600000, 0x0000000086600000, 0x0000000086700000|  0%| F|  |TAMS 0x0000000086600000| PB 0x0000000086600000| Untracked |  0
|  79|0x0000000086700000, 0x0000000086700000, 0x0000000086800000|  0%| F|  |TAMS 0x0000000086700000| PB 0x0000000086700000| Untracked |  0
|  80|0x0000000086800000, 0x0000000086800000, 0x0000000086900000|  0%| F|  |TAMS 0x0000000086800000| PB 0x0000000086800000| Untracked |  0
|  81|0x0000000086900000, 0x0000000086900000, 0x0000000086a00000|  0%| F|  |TAMS 0x0000000086900000| PB 0x0000000086900000| Untracked |  0
|  82|0x0000000086a00000, 0x0000000086a00000, 0x0000000086b00000|  0%| F|  |TAMS 0x0000000086a00000| PB 0x0000000086a00000| Untracked |  0
|  83|0x0000000086b00000, 0x0000000086b00000, 0x0000000086c00000|  0%| F|  |TAMS 0x0000000086b00000| PB 0x0000000086b00000| Untracked |  0
|  84|0x0000000086c00000, 0x0000000086c00000, 0x0000000086d00000|  0%| F|  |TAMS 0x0000000086c00000| PB 0x0000000086c00000| Untracked |  0
|  85|0x0000000086d00000, 0x0000000086d00000, 0x0000000086e00000|  0%| F|  |TAMS 0x0000000086d00000| PB 0x0000000086d00000| Untracked |  0
|  86|0x0000000086e00000, 0x0000000086e00000, 0x0000000086f00000|  0%| F|  |TAMS 0x0000000086e00000| PB 0x0000000086e00000| Untracked |  0
|  87|0x0000000086f00000, 0x0000000086f00000, 0x0000000087000000|  0%| F|  |TAMS 0x0000000086f00000| PB 0x0000000086f00000| Untracked |  0
|  88|0x0000000087000000, 0x0000000087000000, 0x0000000087100000|  0%| F|  |TAMS 0x0000000087000000| PB 0x0000000087000000| Untracked |  0
|  89|0x0000000087100000, 0x0000000087100000, 0x0000000087200000|  0%| F|  |TAMS 0x0000000087100000| PB 0x0000000087100000| Untracked |  0
|  90|0x0000000087200000, 0x0000000087200000, 0x0000000087300000|  0%| F|  |TAMS 0x0000000087200000| PB 0x0000000087200000| Untracked |  0
|  91|0x0000000087300000, 0x0000000087300000, 0x0000000087400000|  0%| F|  |TAMS 0x0000000087300000| PB 0x0000000087300000| Untracked |  0
|  92|0x0000000087400000, 0x0000000087400000, 0x0000000087500000|  0%| F|  |TAMS 0x0000000087400000| PB 0x0000000087400000| Untracked |  0
|  93|0x0000000087500000, 0x0000000087500000, 0x0000000087600000|  0%| F|  |TAMS 0x0000000087500000| PB 0x0000000087500000| Untracked |  0
|  94|0x0000000087600000, 0x0000000087600000, 0x0000000087700000|  0%| F|  |TAMS 0x0000000087600000| PB 0x0000000087600000| Untracked |  0
|  95|0x0000000087700000, 0x0000000087700000, 0x0000000087800000|  0%| F|  |TAMS 0x0000000087700000| PB 0x0000000087700000| Untracked |  0
|  96|0x0000000087800000, 0x00000000878d5520, 0x0000000087900000| 83%| S|CS|TAMS 0x0000000087800000| PB 0x0000000087800000| Complete |  0
|  97|0x0000000087900000, 0x0000000087a00000, 0x0000000087a00000|100%| S|CS|TAMS 0x0000000087900000| PB 0x0000000087900000| Complete |  0
|  98|0x0000000087a00000, 0x0000000087b00000, 0x0000000087b00000|100%| S|CS|TAMS 0x0000000087a00000| PB 0x0000000087a00000| Complete |  0
|  99|0x0000000087b00000, 0x0000000087c00000, 0x0000000087c00000|100%| S|CS|TAMS 0x0000000087b00000| PB 0x0000000087b00000| Complete |  0
| 100|0x0000000087c00000, 0x0000000087c00000, 0x0000000087d00000|  0%| F|  |TAMS 0x0000000087c00000| PB 0x0000000087c00000| Untracked |  0
| 101|0x0000000087d00000, 0x0000000087d00000, 0x0000000087e00000|  0%| F|  |TAMS 0x0000000087d00000| PB 0x0000000087d00000| Untracked |  0
| 102|0x0000000087e00000, 0x0000000087e00000, 0x0000000087f00000|  0%| F|  |TAMS 0x0000000087e00000| PB 0x0000000087e00000| Untracked |  0
| 103|0x0000000087f00000, 0x0000000087f00000, 0x0000000088000000|  0%| F|  |TAMS 0x0000000087f00000| PB 0x0000000087f00000| Untracked |  0
| 104|0x0000000088000000, 0x0000000088000000, 0x0000000088100000|  0%| F|  |TAMS 0x0000000088000000| PB 0x0000000088000000| Untracked |  0
| 105|0x0000000088100000, 0x0000000088100000, 0x0000000088200000|  0%| F|  |TAMS 0x0000000088100000| PB 0x0000000088100000| Untracked |  0
| 106|0x0000000088200000, 0x0000000088200000, 0x0000000088300000|  0%| F|  |TAMS 0x0000000088200000| PB 0x0000000088200000| Untracked |  0
| 107|0x0000000088300000, 0x0000000088300000, 0x0000000088400000|  0%| F|  |TAMS 0x0000000088300000| PB 0x0000000088300000| Untracked |  0
| 108|0x0000000088400000, 0x0000000088400000, 0x0000000088500000|  0%| F|  |TAMS 0x0000000088400000| PB 0x0000000088400000| Untracked |  0
| 109|0x0000000088500000, 0x0000000088500000, 0x0000000088600000|  0%| F|  |TAMS 0x0000000088500000| PB 0x0000000088500000| Untracked |  0
| 110|0x0000000088600000, 0x0000000088600000, 0x0000000088700000|  0%| F|  |TAMS 0x0000000088600000| PB 0x0000000088600000| Untracked |  0
| 111|0x0000000088700000, 0x0000000088700000, 0x0000000088800000|  0%| F|  |TAMS 0x0000000088700000| PB 0x0000000088700000| Untracked |  0
| 112|0x0000000088800000, 0x0000000088800000, 0x0000000088900000|  0%| F|  |TAMS 0x0000000088800000| PB 0x0000000088800000| Untracked |  0
| 113|0x0000000088900000, 0x0000000088900000, 0x0000000088a00000|  0%| F|  |TAMS 0x0000000088900000| PB 0x0000000088900000| Untracked |  0
| 114|0x0000000088a00000, 0x0000000088a00000, 0x0000000088b00000|  0%| F|  |TAMS 0x0000000088a00000| PB 0x0000000088a00000| Untracked |  0
| 115|0x0000000088b00000, 0x0000000088b00000, 0x0000000088c00000|  0%| F|  |TAMS 0x0000000088b00000| PB 0x0000000088b00000| Untracked |  0
| 116|0x0000000088c00000, 0x0000000088c00000, 0x0000000088d00000|  0%| F|  |TAMS 0x0000000088c00000| PB 0x0000000088c00000| Untracked |  0
| 117|0x0000000088d00000, 0x0000000088d00000, 0x0000000088e00000|  0%| F|  |TAMS 0x0000000088d00000| PB 0x0000000088d00000| Untracked |  0
| 118|0x0000000088e00000, 0x0000000088e00000, 0x0000000088f00000|  0%| F|  |TAMS 0x0000000088e00000| PB 0x0000000088e00000| Untracked |  0
| 119|0x0000000088f00000, 0x0000000088f00000, 0x0000000089000000|  0%| F|  |TAMS 0x0000000088f00000| PB 0x0000000088f00000| Untracked |  0
| 120|0x0000000089000000, 0x0000000089000000, 0x0000000089100000|  0%| F|  |TAMS 0x0000000089000000| PB 0x0000000089000000| Untracked |  0
| 121|0x0000000089100000, 0x0000000089100000, 0x0000000089200000|  0%| F|  |TAMS 0x0000000089100000| PB 0x0000000089100000| Untracked |  0
| 122|0x0000000089200000, 0x0000000089200000, 0x0000000089300000|  0%| F|  |TAMS 0x0000000089200000| PB 0x0000000089200000| Untracked |  0
| 123|0x0000000089300000, 0x0000000089300000, 0x0000000089400000|  0%| F|  |TAMS 0x0000000089300000| PB 0x0000000089300000| Untracked |  0
| 124|0x0000000089400000, 0x0000000089400000, 0x0000000089500000|  0%| F|  |TAMS 0x0000000089400000| PB 0x0000000089400000| Untracked |  0
| 125|0x0000000089500000, 0x0000000089500000, 0x0000000089600000|  0%| F|  |TAMS 0x0000000089500000| PB 0x0000000089500000| Untracked |  0
| 126|0x0000000089600000, 0x0000000089637360, 0x0000000089700000| 21%| E|  |TAMS 0x0000000089600000| PB 0x0000000089600000| Complete |  0
| 127|0x0000000089700000, 0x0000000089800000, 0x0000000089800000|100%| E|CS|TAMS 0x0000000089700000| PB 0x0000000089700000| Complete |  0
|2022|0x00000000ffe00000, 0x00000000fff00000, 0x00000000fff00000|100%| O|  |TAMS 0x00000000ffe00000| PB 0x00000000ffe00000| Untracked |  0
|2023|0x00000000fff00000, 0x00000000fff257b8, 0x0000000100000000| 14%| O|  |TAMS 0x00000000fff00000| PB 0x00000000fff00000| Untracked |  0

Card table byte_map: [0x000001a17b0d0000,0x000001a17b4d0000] _byte_map_base: 0x000001a17acc4000

Marking Bits: (CMBitMap*) 0x000001a172499790
 Bits: [0x000001a17b4d0000, 0x000001a17d470000)

Polling page: 0x000001a1706b0000

Metaspace:
Metaspace        used 7844K, committed 8128K, reserved 1114112K
 class space     used 826K, committed 960K, reserved 1048576K

Usage:
  Non-class:      6.85 MB used.
      Class:    826.53 KB used.
       Both:      7.66 MB used.

Virtual space:
  Non-class space:       64.00 MB reserved,       7.00 MB ( 11%) committed,  1 nodes.
      Class space:        1.00 GB reserved,     960.00 KB ( <1%) committed,  1 nodes.
             Both:        1.06 GB reserved,       7.94 MB ( <1%) committed. 

Chunk freelists:
   Non-Class:  8.98 MB
       Class:  15.06 MB
        Both:  24.04 MB

MaxMetaspaceSize: unlimited
CompressedClassSpaceSize: 1.00 GB
Initial GC threshold: 21.00 MB
Current GC threshold: 21.00 MB
CDS: on
 - commit_granule_bytes: 65536.
 - commit_granule_words: 8192.
 - virtual_space_node_default_size: 8388608.
 - enlarge_chunks_in_place: 1.
UseCompressedClassPointers 1, UseCompactObjectHeaders 0
Narrow klass pointer bits 32, Max shift 3
Narrow klass base: 0x0000000015000000, Narrow klass shift: 0
Encoding Range: [0x0000000015000000 - 0x0000000115000000), (4294967296 bytes)
Klass Range:    [0x0000000015010000 - 0x0000000056000000), (1090453504 bytes)
Klass ID Range:  [65536 - 1090519033) (1090453497)
Protection zone: [0x0000000015000000 - 0x0000000015010000), (65536 bytes)


Internal statistics:

num_allocs_failed_limit: 0.
num_arena_births: 196.
num_arena_deaths: 0.
num_vsnodes_births: 2.
num_vsnodes_deaths: 0.
num_space_committed: 127.
num_space_uncommitted: 0.
num_chunks_returned_to_freelist: 0.
num_chunks_taken_from_freelist: 263.
num_chunk_merges: 0.
num_chunk_splits: 153.
num_chunks_enlarged: 54.
num_inconsistent_stats: 0.

CodeHeap 'non-profiled nmethods': size=120064Kb used=648Kb max_used=648Kb free=119415Kb
 bounds [0x000001a107ac0000, 0x000001a107d30000, 0x000001a10f000000]
CodeHeap 'profiled nmethods': size=120000Kb used=2903Kb max_used=2903Kb free=117096Kb
 bounds [0x000001a100000000, 0x000001a1002e0000, 0x000001a107530000]
CodeHeap 'non-nmethods': size=5696Kb used=1389Kb max_used=1433Kb free=4306Kb
 bounds [0x000001a107530000, 0x000001a1077a0000, 0x000001a107ac0000]
CodeCache: size=245760Kb, used=4940Kb, max_used=4984Kb, free=240817Kb
 total_blobs=2652, nmethods=2133, adapters=422, full_count=0
Compilation: enabled, stopped_count=0, restarted_count=0

Compilation events (20 events):
Event: 76.283 Thread 0x000001a17fa2e360 2115       1       jdk.jfr.internal.settings.BooleanSetting::getValue (5 bytes)
Event: 76.283 Thread 0x000001a17fa2e360 nmethod 2115 0x000001a107b5fa88 code [0x000001a107b5fb80, 0x000001a107b5fc48]
Event: 76.283 Thread 0x000001a17fa2e360 2118       1       jdk.jfr.internal.PlatformEventType::isEnabled (5 bytes)
Event: 76.284 Thread 0x000001a17fa2e360 nmethod 2118 0x000001a107b5fd88 code [0x000001a107b5fe80, 0x000001a107b5ff48]
Event: 76.284 Thread 0x000001a17fa2e360 2119       1       jdk.jfr.internal.EventControl::getEventType (5 bytes)
Event: 76.284 Thread 0x000001a17fa2e360 nmethod 2119 0x000001a107b60088 code [0x000001a107b60180, 0x000001a107b60248]
Event: 76.284 Thread 0x000001a17fa2e360 2120       1       jdk.jfr.internal.EventControl::getSettingsId (5 bytes)
Event: 76.284 Thread 0x000001a17fa2e360 nmethod 2120 0x000001a107b60388 code [0x000001a107b60480, 0x000001a107b60548]
Event: 76.284 Thread 0x000001a17fa2e360 2121       1       jdk.jfr.internal.EventControl::getNamedControls (5 bytes)
Event: 76.284 Thread 0x000001a17fa2e360 nmethod 2121 0x000001a107b60688 code [0x000001a107b60780, 0x000001a107b60848]
Event: 76.286 Thread 0x000001a17fa21e10 nmethod 2111 0x000001a107b60988 code [0x000001a107b60a80, 0x000001a107b60d50]
Event: 76.296 Thread 0x000001a113447a40 nmethod 2106 0x000001a107b60d88 code [0x000001a107b60e80, 0x000001a107b61468]
Event: 76.297 Thread 0x000001a17fa2e360 2122       1       jdk.jfr.internal.periodic.EventTask::getEventType (5 bytes)
Event: 76.297 Thread 0x000001a17fa2e360 nmethod 2122 0x000001a107b61488 code [0x000001a107b61580, 0x000001a107b61648]
Event: 76.298 Thread 0x000001a17fa2e360 2123       3       jdk.internal.vm.ContinuationSupport::isSupported (4 bytes)
Event: 76.298 Thread 0x000001a17fa2e360 nmethod 2123 0x000001a1002cee88 code [0x000001a1002cef80, 0x000001a1002cf070]
Event: 76.299 Thread 0x000001a17fa2e360 2126   !   3       java.lang.ref.ReferenceQueue::poll (44 bytes)
Event: 76.299 Thread 0x000001a17fa2e360 nmethod 2126 0x000001a1002cf188 code [0x000001a1002cf280, 0x000001a1002cf8b0]
Event: 76.301 Thread 0x000001a17fa2e360 2127       1       jdk.jfr.internal.periodic.PeriodicTask::getPeriod (5 bytes)
Event: 76.301 Thread 0x000001a17fa2e360 nmethod 2127 0x000001a107b61d88 code [0x000001a107b61e80, 0x000001a107b61f48]

GC Heap Usage History (2 events):
Event: 76.264 {heap Before GC invocations=0 (full 0):
 garbage-first heap   total reserved 2072576K, committed 133120K, used 29845K [0x0000000081800000, 0x0000000100000000)
  region size 1024K, 28 young (28672K), 0 survivors (0K)
}
Event: 76.276 {heap After GC invocations=1 (full 0):
 garbage-first heap   total reserved 2072576K, committed 133120K, used 5099K [0x0000000081800000, 0x0000000100000000)
  region size 1024K, 4 young (4096K), 4 survivors (4096K)
}

Metaspace Usage History (2 events):
Event: 76.264 {metaspace Before GC invocations=0 (full 0):
 Metaspace       used 7801K, committed 8064K, reserved 1114112K
  class space    used 821K, committed 960K, reserved 1048576K
}
Event: 76.276 {metaspace After GC invocations=1 (full 0):
 Metaspace       used 7801K, committed 8064K, reserved 1114112K
  class space    used 821K, committed 960K, reserved 1048576K
}

Dll operation events (11 events):
Event: 0.033 Loaded shared library C:\Program Files\Java\jdk-25.0.2\bin\java.dll
Event: 0.168 Loaded shared library C:\Program Files\Java\jdk-25.0.2\bin\zip.dll
Event: 0.174 Loaded shared library C:\Program Files\Java\jdk-25.0.2\bin\instrument.dll
Event: 0.186 Loaded shared library C:\Program Files\Java\jdk-25.0.2\bin\net.dll
Event: 0.196 Loaded shared library C:\Program Files\Java\jdk-25.0.2\bin\nio.dll
Event: 0.209 Loaded shared library C:\Program Files\Java\jdk-25.0.2\bin\zip.dll
Event: 0.253 Loaded shared library C:\Program Files\Java\jdk-25.0.2\bin\jimage.dll
Event: 0.312 Loaded shared library C:\Program Files\Java\jdk-25.0.2\bin\extnet.dll
Event: 0.352 Loaded shared library C:\Program Files\Java\jdk-25.0.2\bin\management.dll
Event: 0.378 Loaded shared library C:\Program Files\Java\jdk-25.0.2\bin\management_ext.dll
Event: 75.718 Loaded shared library C:\Users\USER\AppData\Local\Temp\idea_libasyncProfiler_dll_temp_folder\libasyncProfiler.dll

Deoptimization events (20 events):
Event: 76.054 Thread 0x000001a17f9f3c90 Uncommon trap: trap_request=0xffffffde fr.pc=0x000001a107b3faec relative=0x000000000000006c
Event: 76.054 Thread 0x000001a17f9f3c90 Uncommon trap: reason=class_check action=maybe_recompile pc=0x000001a107b3faec method=jdk.jfr.EventSettings$InternalAccess.getType(Ljava/lang/Object;)Ljdk/jfr/internal/Type; @ 18 c2
Event: 76.054 Thread 0x000001a17f9f3c90 DEOPT PACKING pc=0x000001a107b3faec sp=0x00000079ea5fe660
Event: 76.054 Thread 0x000001a17f9f3c90 DEOPT UNPACKING pc=0x000001a1075bb982 sp=0x00000079ea5fe5f8 mode 2
Event: 76.069 Thread 0x000001a17f9f3c90 Uncommon trap: trap_request=0xffffffcc fr.pc=0x000001a107b4a83c relative=0x00000000000003bc
Event: 76.069 Thread 0x000001a17f9f3c90 Uncommon trap: reason=intrinsic_or_type_checked_inlining action=make_not_entrant pc=0x000001a107b4a83c method=java.util.Arrays.copyOf([Ljava/lang/Object;ILjava/lang/Class;)[Ljava/lang/Object; @ 35 c2
Event: 76.069 Thread 0x000001a17f9f3c90 DEOPT PACKING pc=0x000001a107b4a83c sp=0x00000079ea5fe4d0
Event: 76.069 Thread 0x000001a17f9f3c90 DEOPT UNPACKING pc=0x000001a1075bb982 sp=0x00000079ea5fe460 mode 2
Event: 76.184 Thread 0x000001a17f9f3c90 Uncommon trap: trap_request=0xffffff45 fr.pc=0x000001a107b57c60 relative=0x0000000000000060
Event: 76.184 Thread 0x000001a17f9f3c90 Uncommon trap: reason=unstable_if action=reinterpret pc=0x000001a107b57c60 method=java.io.ByteArrayOutputStream.ensureCapacity(I)V @ 11 c2
Event: 76.184 Thread 0x000001a17f9f3c90 DEOPT PACKING pc=0x000001a107b57c60 sp=0x00000079ea5fe500
Event: 76.184 Thread 0x000001a17f9f3c90 DEOPT UNPACKING pc=0x000001a1075bb982 sp=0x00000079ea5fe480 mode 2
Event: 76.298 Thread 0x000001a115a578e0 Uncommon trap: trap_request=0xffffff45 fr.pc=0x000001a107b1ce58 relative=0x0000000000000058
Event: 76.298 Thread 0x000001a115a578e0 Uncommon trap: reason=unstable_if action=reinterpret pc=0x000001a107b1ce58 method=java.lang.ref.ReferenceQueue.poll()Ljava/lang/ref/Reference; @ 4 c2
Event: 76.298 Thread 0x000001a115a578e0 DEOPT PACKING pc=0x000001a107b1ce58 sp=0x00000079eb3fe6d0
Event: 76.298 Thread 0x000001a115a578e0 DEOPT UNPACKING pc=0x000001a1075bb982 sp=0x00000079eb3fe648 mode 2
Event: 76.300 Thread 0x000001a115a578e0 Uncommon trap: trap_request=0xffffff45 fr.pc=0x000001a107b17b30 relative=0x00000000000000b0
Event: 76.300 Thread 0x000001a115a578e0 Uncommon trap: reason=unstable_if action=reinterpret pc=0x000001a107b17b30 method=java.lang.ref.SoftReference.get()Ljava/lang/Object; @ 17 c2
Event: 76.300 Thread 0x000001a115a578e0 DEOPT PACKING pc=0x000001a107b17b30 sp=0x00000079eb3fe090
Event: 76.300 Thread 0x000001a115a578e0 DEOPT UNPACKING pc=0x000001a1075bb982 sp=0x00000079eb3fe020 mode 2

Classes loaded (20 events):
Event: 76.154 Loading class jdk/jfr/internal/MetadataDescriptor$Attribute
Event: 76.155 Loading class jdk/jfr/internal/MetadataDescriptor$Attribute done
Event: 76.176 Loading class jdk/jfr/internal/consumer/StringParser$Encoding
Event: 76.176 Loading class jdk/jfr/internal/consumer/StringParser$Encoding done
Event: 76.198 Loading class jdk/jfr/internal/consumer/RepositoryFiles
Event: 76.198 Loading class jdk/jfr/internal/consumer/RepositoryFiles done
Event: 76.263 Loading class jdk/jfr/internal/SettingsManager$InternalSetting
Event: 76.263 Loading class jdk/jfr/internal/SettingsManager$InternalSetting done
Event: 76.278 Loading class jdk/jfr/internal/util/Rate
Event: 76.278 Loading class jdk/jfr/internal/util/Rate done
Event: 76.278 Loading class jdk/jfr/internal/util/TimespanUnit
Event: 76.278 Loading class jdk/jfr/internal/util/TimespanUnit done
Event: 76.279 Loading class jdk/jfr/internal/util/ValueParser
Event: 76.279 Loading class jdk/jfr/internal/util/ValueParser done
Event: 76.280 Loading class jdk/jfr/internal/util/TimespanRate
Event: 76.280 Loading class jdk/jfr/internal/util/TimespanRate done
Event: 76.282 Loading class jdk/jfr/internal/periodic/PeriodicType
Event: 76.282 Loading class jdk/jfr/internal/periodic/PeriodicType done
Event: 76.301 Loading class jdk/jfr/internal/periodic/Batch
Event: 76.301 Loading class jdk/jfr/internal/periodic/Batch done

Classes unloaded (0 events):
No events

Classes redefined (0 events):
No events

Internal exceptions (20 events):
Event: 0.993 Thread 0x000001a113665c60 Exception <a 'java/lang/ClassNotFoundException'{0x0000000088a69688}: javax/management/remote/rmi/RMIConnectionImpl_Skel> (0x0000000088a69688) 
thrown [s\open\src\hotspot\share\classfile\systemDictionary.cpp, line 327]
Event: 0.997 Thread 0x000001a1134b9580 Exception <a 'java/lang/NoSuchMethodError'{0x0000000088919f80}: 'java.lang.Object java.lang.invoke.Invokers$Holder.linkToTargetMethod(java.lang.Object, long, java.lang.Object)'> (0x0000000088919f80) 
thrown [s\open\src\hotspot\share\interpreter\linkResolver.cpp, line 804]
Event: 1.012 Thread 0x000001a113665c60 Exception <a 'java/lang/NoSuchMethodError'{0x00000000889874e0}: 'java.lang.Object java.lang.invoke.DirectMethodHandle$Holder.invokeInterface(java.lang.Object, java.lang.Object)'> (0x00000000889874e0) 
thrown [s\open\src\hotspot\share\interpreter\linkResolver.cpp, line 804]
Event: 1.028 Thread 0x000001a113665c60 Exception <a 'java/lang/NoSuchMethodError'{0x00000000889c84a8}: 'int java.lang.invoke.DelegatingMethodHandle$Holder.reinvoke_L(java.lang.Object, java.lang.Object, java.lang.Object, java.lang.Object, java.lang.Object)'> (0x00000000889c84a8) 
thrown [s\open\src\hotspot\share\interpreter\linkResolver.cpp, line 804]
Event: 1.040 Thread 0x000001a113665c60 Exception <a 'java/lang/NoSuchMethodError'{0x0000000088807b80}: 'java.lang.Object java.lang.invoke.DirectMethodHandle$Holder.invokeStatic(java.lang.Object, java.lang.Object, java.lang.Object, java.lang.Object, java.lang.Object, java.lang.Object, java.lang.Object, java.lang.Object, java.lang.Object)'> (0x0000000088807b80) 
thrown [s\open\src\hotspot\share\interpreter\linkResolver.cpp, line 804]
Event: 1.042 Thread 0x000001a113665c60 Exception <a 'java/lang/NoSuchMethodError'{0x000000008881b088}: 'java.lang.Object java.lang.invoke.Invokers$Holder.invokeExact_MT(java.lang.Object, java.lang.Object, java.lang.Object, java.lang.Object, java.lang.Object, java.lang.Object)'> (0x000000008881b088) 
thrown [s\open\src\hotspot\share\interpreter\linkResolver.cpp, line 804]
Event: 1.075 Thread 0x000001a113665c60 Exception <a 'java/lang/NoSuchMethodError'{0x0000000088826ea0}: 'java.lang.Object java.lang.invoke.DirectMethodHandle$Holder.invokeInterface(java.lang.Object, java.lang.Object, java.lang.Object, java.lang.Object, java.lang.Object)'> (0x0000000088826ea0) 
thrown [s\open\src\hotspot\share\interpreter\linkResolver.cpp, line 804]
Event: 1.085 Thread 0x000001a113665c60 Exception <a 'java/lang/NoSuchMethodError'{0x0000000088871a98}: 'double java.lang.invoke.DirectMethodHandle$Holder.invokeInterface(java.lang.Object, java.lang.Object)'> (0x0000000088871a98) 
thrown [s\open\src\hotspot\share\interpreter\linkResolver.cpp, line 804]
Event: 1.086 Thread 0x000001a113665c60 Exception <a 'java/lang/NoSuchMethodError'{0x000000008887e788}: 'double java.lang.invoke.DelegatingMethodHandle$Holder.reinvoke_L(java.lang.Object, java.lang.Object)'> (0x000000008887e788) 
thrown [s\open\src\hotspot\share\interpreter\linkResolver.cpp, line 804]
Event: 2.154 Thread 0x000001a113665c60 Exception <a 'java/lang/NoSuchMethodError'{0x00000000888aa7c8}: 'long java.lang.invoke.DirectMethodHandle$Holder.invokeVirtual(java.lang.Object, java.lang.Object)'> (0x00000000888aa7c8) 
thrown [s\open\src\hotspot\share\interpreter\linkResolver.cpp, line 804]
Event: 2.156 Thread 0x000001a113665c60 Exception <a 'java/lang/NoSuchMethodError'{0x00000000888baf50}: 'long java.lang.invoke.DelegatingMethodHandle$Holder.reinvoke_L(java.lang.Object, java.lang.Object)'> (0x00000000888baf50) 
thrown [s\open\src\hotspot\share\interpreter\linkResolver.cpp, line 804]
Event: 75.791 Thread 0x000001a17f9f3c90 Exception <a 'java/lang/NoSuchMethodError'{0x00000000885a2cb0}: 'java.lang.Object java.lang.invoke.DirectMethodHandle$Holder.invokeStatic(java.lang.Object, int, java.lang.Object)'> (0x00000000885a2cb0) 
thrown [s\open\src\hotspot\share\interpreter\linkResolver.cpp, line 804]
Event: 75.829 Thread 0x000001a17f9f3c90 Exception <a 'java/lang/NoSuchMethodError'{0x00000000885cc740}: 'void java.lang.invoke.DirectMethodHandle$Holder.invokeStaticInit(java.lang.Object)'> (0x00000000885cc740) 
thrown [s\open\src\hotspot\share\interpreter\linkResolver.cpp, line 804]
Event: 75.842 Thread 0x000001a17f9f3c90 Exception <a 'java/lang/NoSuchMethodError'{0x000000008842b3f0}: 'java.lang.Object java.lang.invoke.DirectMethodHandle$Holder.newInvokeSpecial(java.lang.Object, java.lang.Object, java.lang.Object, java.lang.Object, java.lang.Object)'> (0x000000008842b3f0) 
thrown [s\open\src\hotspot\share\interpreter\linkResolver.cpp, line 804]
Event: 75.942 Thread 0x000001a17f9f3c90 Exception <a 'java/lang/NoSuchMethodError'{0x00000000883b8868}: 'int java.lang.invoke.DirectMethodHandle$Holder.invokeStatic(java.lang.Object, java.lang.Object, java.lang.Object, java.lang.Object)'> (0x00000000883b8868) 
thrown [s\open\src\hotspot\share\interpreter\linkResolver.cpp, line 804]
Event: 76.133 Thread 0x000001a17f9f3c90 Exception <a 'java/lang/NoSuchMethodError'{0x0000000087fd9898}: 'void java.lang.invoke.DirectMethodHandle$Holder.invokeSpecial(java.lang.Object, java.lang.Object, int)'> (0x0000000087fd9898) 
thrown [s\open\src\hotspot\share\interpreter\linkResolver.cpp, line 804]
Event: 76.133 Thread 0x000001a17f9f3c90 Exception <a 'java/lang/NoSuchMethodError'{0x0000000087fe14f0}: 'void java.lang.invoke.Invokers$Holder.invokeExact_MT(java.lang.Object, int, java.lang.Object)'> (0x0000000087fe14f0) 
thrown [s\open\src\hotspot\share\interpreter\linkResolver.cpp, line 804]
Event: 76.139 Thread 0x000001a17f9f3c90 Exception <a 'sun/nio/fs/WindowsException'{0x0000000087e093b0}> (0x0000000087e093b0) 
thrown [s\open\src\hotspot\share\prims\jni.cpp, line 516]
Event: 76.143 Thread 0x000001a17f9f3c90 Exception <a 'sun/nio/fs/WindowsException'{0x0000000087e0ece8}> (0x0000000087e0ece8) 
thrown [s\open\src\hotspot\share\prims\jni.cpp, line 516]
Event: 76.149 Thread 0x000001a17f9f3c90 Exception <a 'sun/nio/fs/WindowsException'{0x0000000087e11570}> (0x0000000087e11570) 
thrown [s\open\src\hotspot\share\prims\jni.cpp, line 516]

VM Operations (20 events):
Event: 0.138 Executing non-safepoint VM operation: HandshakeAllThreads (Deoptimize)
Event: 0.138 Executing non-safepoint VM operation: HandshakeAllThreads (Deoptimize) done
Event: 0.266 Executing non-safepoint VM operation: HandshakeAllThreads (Deoptimize)
Event: 0.266 Executing non-safepoint VM operation: HandshakeAllThreads (Deoptimize) done
Event: 0.701 Executing non-safepoint VM operation: HandshakeAllThreads (Deoptimize)
Event: 0.701 Executing non-safepoint VM operation: HandshakeAllThreads (Deoptimize) done
Event: 0.787 Executing non-safepoint VM operation: HandshakeAllThreads (Deoptimize)
Event: 0.787 Executing non-safepoint VM operation: HandshakeAllThreads (Deoptimize) done
Event: 0.991 Executing non-safepoint VM operation: HandshakeAllThreads (Deoptimize)
Event: 0.991 Executing non-safepoint VM operation: HandshakeAllThreads (Deoptimize) done
Event: 60.225 Executing non-safepoint VM operation: HandshakeAllThreads (HandshakeForDeflation)
Event: 60.225 Executing non-safepoint VM operation: HandshakeAllThreads (HandshakeForDeflation) done
Event: 60.225 Executing non-safepoint VM operation: RendezvousGCThreads
Event: 60.225 Executing non-safepoint VM operation: RendezvousGCThreads done
Event: 76.199 Executing safepoint VM operation: JFRSafepointClear
Event: 76.204 Executing safepoint VM operation: JFRSafepointClear done
Event: 76.264 Executing safepoint VM operation: G1CollectForAllocation (G1 Evacuation Pause)
Event: 76.276 Executing safepoint VM operation: G1CollectForAllocation (G1 Evacuation Pause) done
Event: 76.300 Executing non-safepoint VM operation: HandshakeAllThreads (Deoptimize)
Event: 76.301 Executing non-safepoint VM operation: HandshakeAllThreads (Deoptimize) done

Memory protections (0 events):
No events

Nmethod flushes (0 events):
No events

Events (20 events):
Event: 0.086 Thread 0x000001a172440d00 Thread added: 0x000001a17f9e9a50
Event: 0.086 Thread 0x000001a172440d00 Thread added: 0x000001a17f9ed430
Event: 0.087 Thread 0x000001a172440d00 Thread added: 0x000001a17f9f2e50
Event: 0.087 Thread 0x000001a172440d00 Thread added: 0x000001a17f9f3c90
Event: 0.087 Thread 0x000001a172440d00 Thread added: 0x000001a17f9fdf40
Event: 0.087 Thread 0x000001a172440d00 Thread added: 0x000001a17fa20f20
Event: 0.087 Thread 0x000001a172440d00 Thread added: 0x000001a17fa21e10
Event: 0.087 Thread 0x000001a172440d00 Thread added: 0x000001a17fa2e360
Event: 0.181 Thread 0x000001a172440d00 Thread added: 0x000001a17fbf9870
Event: 0.236 Thread 0x000001a172440d00 Thread added: 0x000001a17fc18a60
Event: 0.237 Thread 0x000001a172440d00 Thread added: 0x000001a17fc19220
Event: 0.624 Thread 0x000001a17fa2e360 Thread added: 0x000001a11347c260
Event: 0.797 Thread 0x000001a17f9f3c90 Thread added: 0x000001a1134a5150
Event: 0.942 Thread 0x000001a1134a5150 Thread added: 0x000001a113665c60
Event: 0.946 Thread 0x000001a11347c260 Thread exited: 0x000001a11347c260
Event: 0.976 Thread 0x000001a113665c60 Thread added: 0x000001a1134b6810
Event: 0.989 Thread 0x000001a113665c60 Thread added: 0x000001a1134b9580
Event: 75.775 Thread 0x000001a17fa2e360 Thread added: 0x000001a113447a40
Event: 75.826 Thread 0x000001a17f9f3c90 Thread added: 0x000001a11331a110
Event: 76.136 Thread 0x000001a17f9f3c90 Thread added: 0x000001a115a578e0


Dynamic libraries:
0x00007ff642130000 - 0x00007ff642140000 	C:\Program Files\Java\jdk-25.0.2\bin\java.exe
0x00007ffbdf760000 - 0x00007ffbdf9c9000 	C:\WINDOWS\SYSTEM32\ntdll.dll
0x00007ffbddfc0000 - 0x00007ffbde089000 	C:\WINDOWS\System32\KERNEL32.DLL
0x00007ffbdce50000 - 0x00007ffbdd243000 	C:\WINDOWS\System32\KERNELBASE.dll
0x00007ffbdcd00000 - 0x00007ffbdce4b000 	C:\WINDOWS\System32\ucrtbase.dll
0x00007ffbd77f0000 - 0x00007ffbd7807000 	C:\Program Files\Java\jdk-25.0.2\bin\jli.dll
0x00007ffbdd530000 - 0x00007ffbdd6f4000 	C:\WINDOWS\System32\USER32.dll
0x00007ffbdd250000 - 0x00007ffbdd277000 	C:\WINDOWS\System32\win32u.dll
0x00007ffbde600000 - 0x00007ffbde62b000 	C:\WINDOWS\System32\GDI32.dll
0x00007ffbdd280000 - 0x00007ffbdd3ad000 	C:\WINDOWS\System32\gdi32full.dll
0x00007ffbdc8f0000 - 0x00007ffbdc993000 	C:\WINDOWS\System32\msvcp_win.dll
0x00007ffbc7f50000 - 0x00007ffbc81e3000 	C:\WINDOWS\WinSxS\amd64_microsoft.windows.common-controls_6595b64144ccf1df_6.0.26100.5074_none_3e0d6f78e32fd63f\COMCTL32.dll
0x00007ffbd77d0000 - 0x00007ffbd77ee000 	C:\Program Files\Java\jdk-25.0.2\bin\VCRUNTIME140.dll
0x00007ffbdec40000 - 0x00007ffbdece9000 	C:\WINDOWS\System32\msvcrt.dll
0x00007ffbdda70000 - 0x00007ffbdda9f000 	C:\WINDOWS\System32\IMM32.DLL
0x00007ffbd77c0000 - 0x00007ffbd77cc000 	C:\Program Files\Java\jdk-25.0.2\bin\vcruntime140_1.dll
0x00007ffbd7730000 - 0x00007ffbd77bd000 	C:\Program Files\Java\jdk-25.0.2\bin\msvcp140.dll
0x00007ffb64450000 - 0x00007ffb652af000 	C:\Program Files\Java\jdk-25.0.2\bin\server\jvm.dll
0x00007ffbdd990000 - 0x00007ffbdda44000 	C:\WINDOWS\System32\ADVAPI32.dll
0x00007ffbdecf0000 - 0x00007ffbded96000 	C:\WINDOWS\System32\sechost.dll
0x00007ffbdedb0000 - 0x00007ffbdeec8000 	C:\WINDOWS\System32\RPCRT4.dll
0x00007ffbdddd0000 - 0x00007ffbdde44000 	C:\WINDOWS\System32\WS2_32.dll
0x00007ffbdc770000 - 0x00007ffbdc7ce000 	C:\WINDOWS\SYSTEM32\POWRPROF.dll
0x00007ffbb83f0000 - 0x00007ffbb8425000 	C:\WINDOWS\SYSTEM32\WINMM.dll
0x00007ffbd2540000 - 0x00007ffbd254b000 	C:\WINDOWS\SYSTEM32\VERSION.dll
0x00007ffbdc750000 - 0x00007ffbdc764000 	C:\WINDOWS\SYSTEM32\UMPDC.dll
0x00007ffbdb6d0000 - 0x00007ffbdb6eb000 	C:\WINDOWS\SYSTEM32\kernel.appcore.dll
0x00007ffbd7720000 - 0x00007ffbd772a000 	C:\Program Files\Java\jdk-25.0.2\bin\jimage.dll
0x00007ffbda320000 - 0x00007ffbda562000 	C:\WINDOWS\SYSTEM32\DBGHELP.DLL
0x00007ffbde090000 - 0x00007ffbde40b000 	C:\WINDOWS\System32\combase.dll
0x00007ffbdde50000 - 0x00007ffbddf27000 	C:\WINDOWS\System32\OLEAUT32.dll
0x00007ffbc1b00000 - 0x00007ffbc1b3d000 	C:\WINDOWS\SYSTEM32\dbgcore.DLL
0x00007ffbdc9a0000 - 0x00007ffbdca39000 	C:\WINDOWS\System32\bcryptPrimitives.dll
0x00007ffbd7710000 - 0x00007ffbd7720000 	C:\Program Files\Java\jdk-25.0.2\bin\instrument.dll
0x00007ffbd76f0000 - 0x00007ffbd770f000 	C:\Program Files\Java\jdk-25.0.2\bin\java.dll
0x00007ffbddc30000 - 0x00007ffbdddc8000 	C:\WINDOWS\System32\ole32.dll
0x00007ffbdefd0000 - 0x00007ffbdf71d000 	C:\WINDOWS\System32\SHELL32.dll
0x00007ffbdca40000 - 0x00007ffbdcbac000 	C:\WINDOWS\System32\wintypes.dll
0x00007ffbda570000 - 0x00007ffbdadc9000 	C:\WINDOWS\SYSTEM32\windows.storage.dll
0x00007ffbddb30000 - 0x00007ffbddc20000 	C:\WINDOWS\System32\SHCORE.dll
0x00007ffbdebd0000 - 0x00007ffbdec32000 	C:\WINDOWS\System32\shlwapi.dll
0x00007ffbdc7e0000 - 0x00007ffbdc809000 	C:\WINDOWS\SYSTEM32\profapi.dll
0x00007ffbd76d0000 - 0x00007ffbd76e7000 	C:\Program Files\Java\jdk-25.0.2\bin\zip.dll
0x00007ffbbd4b0000 - 0x00007ffbbd4c2000 	C:\Program Files\Java\jdk-25.0.2\bin\net.dll
0x00007ffbdbc50000 - 0x00007ffbdbcbb000 	C:\WINDOWS\system32\mswsock.dll
0x00007ffbad280000 - 0x00007ffbad296000 	C:\Program Files\Java\jdk-25.0.2\bin\nio.dll
0x00007ffbd76c0000 - 0x00007ffbd76c9000 	C:\Program Files\Java\jdk-25.0.2\bin\extnet.dll
0x00007ffbdb130000 - 0x00007ffbdb256000 	C:\WINDOWS\SYSTEM32\DNSAPI.dll
0x00007ffbdb0f0000 - 0x00007ffbdb124000 	C:\WINDOWS\SYSTEM32\IPHLPAPI.DLL
0x00007ffbdd980000 - 0x00007ffbdd98a000 	C:\WINDOWS\System32\NSI.dll
0x00007ffbd4490000 - 0x00007ffbd449b000 	C:\Windows\System32\rasadhlp.dll
0x00007ffbd26e0000 - 0x00007ffbd2766000 	C:\WINDOWS\System32\fwpuclnt.dll
0x00007ffbc60c0000 - 0x00007ffbc60ca000 	C:\Program Files\Java\jdk-25.0.2\bin\management.dll
0x00007ffbb4740000 - 0x00007ffbb474c000 	C:\Program Files\Java\jdk-25.0.2\bin\management_ext.dll
0x00007ffbdd970000 - 0x00007ffbdd978000 	C:\WINDOWS\System32\PSAPI.DLL
0x00007ffbdbf00000 - 0x00007ffbdbf1b000 	C:\WINDOWS\SYSTEM32\CRYPTSP.dll
0x00007ffbdb630000 - 0x00007ffbdb66b000 	C:\WINDOWS\system32\rsaenh.dll
0x00007ffbdbcf0000 - 0x00007ffbdbd1b000 	C:\WINDOWS\SYSTEM32\USERENV.dll
0x00007ffbdc810000 - 0x00007ffbdc836000 	C:\WINDOWS\SYSTEM32\bcrypt.dll
0x00007ffbdbef0000 - 0x00007ffbdbefc000 	C:\WINDOWS\SYSTEM32\CRYPTBASE.dll
0x00007ffb9c190000 - 0x00007ffb9c1a8000 	C:\WINDOWS\system32\napinsp.dll
0x00007ffb9b330000 - 0x00007ffb9b342000 	C:\WINDOWS\System32\winrnr.dll
0x00007ffbd6160000 - 0x00007ffbd6188000 	C:\WINDOWS\system32\nlansp_c.dll
0x00007ffbd4ae0000 - 0x00007ffbd4af6000 	C:\WINDOWS\system32\wshbth.dll
0x00007ffbd62d0000 - 0x00007ffbd6326000 	C:\WINDOWS\SYSTEM32\pdh.dll
0x00007ffbb7d40000 - 0x00007ffbb7d52000 	C:\WINDOWS\System32\perfproc.dll
0x00007ffbb5020000 - 0x00007ffbb5031000 	C:\WINDOWS\System32\perfos.dll
0x00007ffbd9740000 - 0x00007ffbd9752000 	C:\WINDOWS\SYSTEM32\pfclient.dll
0x00007ffb808a0000 - 0x00007ffb80a98000 	C:\Users\USER\AppData\Local\Temp\idea_libasyncProfiler_dll_temp_folder\libasyncProfiler.dll

JVMTI agents:
C:\Program Files\JetBrains\IntelliJ IDEA 2025.1.1.1\lib\idea_rt.jar path:C:\Program Files\Java\jdk-25.0.2\bin\instrument.dll, loaded, initialized, instrumentlib options:49689

dbghelp: loaded successfully - version: 4.0.5 - missing functions: none
symbol engine: initialized successfully - sym options: 0x614 - pdb path: .;C:\Program Files\Java\jdk-25.0.2\bin;C:\WINDOWS\SYSTEM32;C:\WINDOWS\WinSxS\amd64_microsoft.windows.common-controls_6595b64144ccf1df_6.0.26100.5074_none_3e0d6f78e32fd63f;C:\Program Files\Java\jdk-25.0.2\bin\server;C:\Users\USER\AppData\Local\Temp\idea_libasyncProfiler_dll_temp_folder

VM Arguments:
jvm_args: -javaagent:C:\Program Files\JetBrains\IntelliJ IDEA 2025.1.1.1\lib\idea_rt.jar=49689 -Dfile.encoding=UTF-8 -Dsun.stdout.encoding=UTF-8 -Dsun.stderr.encoding=UTF-8 
java_command: Main
java_class_path (initial): C:\Users\USER\IdeaProjects\try java\DSA Class\out\production\DSA Class
Launcher Type: SUN_STANDARD

[Global flags]
     intx CICompilerCount                          = 3                                         {product} {ergonomic}
     uint ConcGCThreads                            = 1                                         {product} {ergonomic}
     bool FlightRecorder                           = true                                      {product} {management}
     uint G1ConcRefinementThreads                  = 4                                         {product} {ergonomic}
   size_t G1HeapRegionSize                         = 1048576                                   {product} {ergonomic}
   size_t InitialHeapSize                          = 134217728                                 {product} {ergonomic}
   size_t MarkStackSize                            = 4194304                                   {product} {ergonomic}
   size_t MarkStackSizeMax                         = 536870912                                 {product} {ergonomic}
   size_t MaxHeapSize                              = 2122317824                                {product} {ergonomic}
   size_t MaxNewSize                               = 1272971264                                {product} {ergonomic}
   size_t MinHeapDeltaBytes                        = 1048576                                   {product} {ergonomic}
   size_t MinHeapSize                              = 8388608                                   {product} {ergonomic}
    uintx NonNMethodCodeHeapSize                   = 5832704                                {pd product} {ergonomic}
    uintx NonProfiledCodeHeapSize                  = 122945536                              {pd product} {ergonomic}
    uintx ProfiledCodeHeapSize                     = 122880000                              {pd product} {ergonomic}
    uintx ReservedCodeCacheSize                    = 251658240                              {pd product} {ergonomic}
     bool SegmentedCodeCache                       = true                                      {product} {ergonomic}
   size_t SoftMaxHeapSize                          = 2122317824                             {manageable} {ergonomic}
     bool UseCompressedOops                        = true                           {product lp64_product} {ergonomic}
     bool UseG1GC                                  = true                                      {product} {ergonomic}
     bool UseLargePagesIndividualAllocation        = false                                  {pd product} {ergonomic}

Logging:
Log output configuration:
 #0: stdout all=warning uptime,level,tags foldmultilines=false
 #1: stderr all=off uptime,level,tags foldmultilines=false

Release file:
IMPLEMENTOR="Oracle Corporation" 
JAVA_RUNTIME_VERSION="25.0.2+10-LTS-69" 
JAVA_VERSION="25.0.2" 
JAVA_VERSION_DATE="2026-01-20" 
LIBC="default" 
MODULES="java.base java.compiler java.datatransfer java.xml java.prefs java.desktop java.instrument java.logging java.management java.security.sasl java.naming java.rmi java.management.rmi java.net.http java.scripting java.security.jgss java.transaction.xa java.sql java.sql.rowset java.xml.crypto java.se java.smartcardio jdk.accessibility jdk.internal.jvmstat jdk.attach jdk.charsets jdk.internal.opt jdk.zipfs jdk.compiler jdk.crypto.cryptoki jdk.crypto.ec jdk.crypto.mscapi jdk.dynalink jdk.internal.ed jdk.editpad jdk.internal.vm.ci jdk.graal.compiler jdk.graal.compiler.management jdk.hotspot.agent jdk.httpserver jdk.incubator.vector jdk.internal.le jdk.internal.md jdk.jartool jdk.javadoc jdk.jcmd jdk.management jdk.management.agent jdk.jconsole jdk.jdeps jdk.jdwp.agent jdk.jdi jdk.jfr jdk.jlink jdk.jpackage jdk.jshell jdk.jsobject jdk.jstatd jdk.localedata jdk.management.jfr jdk.naming.dns jdk.naming.rmi jdk.net jdk.nio.mapmode jdk.sctp jdk.security.auth jdk.security.jgss jdk.unsupported jdk.unsupported.desktop jdk.xml.dom" 
OS_ARCH="x86_64" 
OS_NAME="Windows" 
SOURCE=".:git:b75efb40c93a open:git:405a5699ebd0" 

Environment Variables:
PATH=C:\Program Files\Common Files\Oracle\Java\javapath;C:\WINDOWS\system32;C:\WINDOWS;C:\WINDOWS\System32\Wbem;C:\WINDOWS\System32\WindowsPowerShell\v1.0\;C:\WINDOWS\System32\OpenSSH\;C:\Program Files\Git\cmd;C:\ProgramData\chocolatey\bin;C:\Program Files\nodejs\;C:\Program Files\CMake\bin;C:\Users\USER\AppData\Local\Programs\Python\Python314-32\Scripts\;C:\Users\USER\AppData\Local\Programs\Python\Python314-32\;C:\Users\USER\AppData\Local\Programs\Python\Launcher\;C:\Users\USER\AppData\Local\Microsoft\WindowsApps;C:\Users\USER\AppData\Local\Programs\Microsoft VS Code\bin;C:\Program Files\JetBrains\IntelliJ IDEA 2025.1.1.1\bin;C:\msys64\compilers\mingw64\bin;;C:\msys64\ucrt64;C:\msys64\compilers\mingw64\bin;C:\Users\USER\AppData\Roaming\npm;C:\Users\USER\AppData\Local\Microsoft\WinGet\Links;C:\Program Files\JetBrains\PhpStorm 2025.3.3\bin
USERNAME=USER
OS=Windows_NT
PROCESSOR_IDENTIFIER=Intel64 Family 6 Model 78 Stepping 3, GenuineIntel
TMP=C:\Users\USER\AppData\Local\Temp
TEMP=C:\Users\USER\AppData\Local\Temp




Compilation memory statistics disabled.

Periodic native trim disabled

---------------  S Y S T E M  ---------------

OS:
 Windows 11 , 64 bit Build 26100 (10.0.26100.5074)
OS uptime: 0 days 1:23 hours

CPU: total 4 (initial active 4) (2 cores per cpu, 2 threads per core) family 6 model 78 stepping 3 microcode 0xd6, cx8, cmov, fxsr, ht, mmx, 3dnowpref, sse, sse2, sse3, ssse3, sse4.1, sse4.2, popcnt, lzcnt, tsc, tscinvbit, avx, avx2, aes, erms, clmul, bmi1, bmi2, rtm, adx, fma, vzeroupper, clflush, clflushopt, rdtscp, f16c
Processor Information for the first 4 processors :
  Max Mhz: 2304, Current Mhz: 2304, Mhz Limit: 2304

Memory: 4k page, system-wide physical 8088M (2420M free)
TotalPageFile size 8728M (AvailPageFile size 1820M)
current process WorkingSet (physical memory assigned to process): 105M, peak: 105M
current process commit charge ("private bytes"): 258M, peak: 260M

vm_info: Java HotSpot(TM) 64-Bit Server VM (25.0.2+10-LTS-69) for windows-amd64 JRE (25.0.2+10-LTS-69), built on 2025-12-18T11:36:35Z with MS VC++ 17.13 (VS2022)

END.
